DBT_SCD_ID,DBT_UPDATED_AT,DBT_VALID_FROM,DBT_VALID_TO,chiquita_product_id,id,name,description,retail_price,last_updated,dimensional_dbt_valid_from,dimensional_dbt_valid_to
5b4e7119c8c021721601320ba8c303ed,2021-07-12 11:48:11,2021-07-12 11:48:11,2021-07-12 14:19:01,501,1,yellow banana,"The old standard, delicious and good!",2.5,2021-07-12 11:48:11,0000-01-01 00:00:00,2021-07-12 14:00:00
96cb4e6419c2fea8b2c2e18474b0f939,2021-07-12 14:19:01,2021-07-12 14:19:01,2021-07-14 10:05:12,501,1,Yellow Banana,"The old standard, delicious and good!",2.5,2021-07-12 14:19:01,2021-07-12 14:00:00,2021-07-14 10:00:00
2bcb1172096b6cff011ffe6baa9e6b5a,2021-07-14 10:05:12,2021-07-14 10:05:12,,501,1,Yellow Banana,"Sweet, yellow goodness.",2.5,2021-07-14 10:05:12,2021-07-14 10:00:00, 9999-12-31 00:00:00